Schemes populated after 2 passes through the Rules.
R(A,B,C)? Yes(1)
  A='1', B='2', C='3'